<!doctype html>
<html>
<head>
	<title>All</title>
</head>
<body>
	Foo
	Qux
	HELLO WORLD
	false
	<ul>
		<li>hello</li>
		<li>world</li>
	</ul>
</body>
</html>
