<!doctype html>
<html>
<head>
	<title>Helpers</title>
</head>
<body>
	HELLO WORLD
	false
</body>
</html>
