<!doctype html>
<html>
<head>
	<title>Data</title>
</head>
<body>
	Foo
	Bar
</body>
</html>
