<!doctype html>
<html>
<head>
	<title>Partials</title>
</head>
<body>
	<ul>
		<li>hello</li>
		<li>world</li>
		<li>world</li>
	</ul>
</body>
</html>
